// Jest Snapshot v1, https://goo.gl/fbAQLP

exports[`Text Element should be matched with snapshots 1`] = `
<Text>
  Hi
</Text>
`;
